// Jest Snapshot v1, https://goo.gl/fbAQLP

exports[`should render demo and match snapshot 1`] = `
<div>
  <div class="van-skeleton van-skeleton--animate">
    <div class="van-skeleton__content">
      <h3 class="van-skeleton__title">
      </h3>
      <div class="van-skeleton__row"
           style="width: 100%;"
      >
      </div>
      <div class="van-skeleton__row"
           style="width: 100%;"
      >
      </div>
      <div class="van-skeleton__row"
           style="width: 60%;"
      >
      </div>
    </div>
  </div>
</div>
<div>
  <div class="van-skeleton van-skeleton--animate">
    <div class="van-skeleton__avatar van-skeleton__avatar--round">
    </div>
    <div class="van-skeleton__content">
      <h3 class="van-skeleton__title">
      </h3>
      <div class="van-skeleton__row"
           style="width: 100%;"
      >
      </div>
      <div class="van-skeleton__row"
           style="width: 100%;"
      >
      </div>
      <div class="van-skeleton__row"
           style="width: 60%;"
      >
      </div>
    </div>
  </div>
</div>
<div>
  <div class="van-skeleton van-skeleton--animate">
    <div class="van-skeleton__avatar van-skeleton__avatar--round">
    </div>
    <div class="van-skeleton__content">
      <svg class="van-skeleton__img"
           viewbox="0 0 257 86"
      >
        <path d="M100.641 65.4391C102.158 66.946 104.586 66.9495 106.108 65.447L171.265 1.12458C172.784 -0.374859 175.205 -0.37486 176.724 1.12458L255.81 79.197C258.324 81.6785 256.59 85.9993 253.081 85.9993L121.35 85.9997L3.91944 86C0.415352 86 -1.32103 81.6905 1.18185 79.2056L55.1066 25.668C56.6275 24.158 59.0609 24.158 60.5818 25.668L100.641 65.4391Z">
        </path>
      </svg>
      <div class="van-skeleton__row"
           style="width: 100%;"
      >
      </div>
      <div class="van-skeleton__row"
           style="width: 100%;"
      >
      </div>
      <div class="van-skeleton__row"
           style="width: 60%;"
      >
      </div>
    </div>
  </div>
</div>
<div>
  <div class="van-skeleton van-skeleton--animate">
    <div class="van-skeleton__avatar van-skeleton__avatar--round">
    </div>
    <div class="van-skeleton__content">
    </div>
  </div>
  <div class="van-skeleton van-skeleton--animate">
    <div class="van-skeleton__content">
      <svg class="van-skeleton__img"
           viewbox="0 0 257 86"
      >
        <path d="M100.641 65.4391C102.158 66.946 104.586 66.9495 106.108 65.447L171.265 1.12458C172.784 -0.374859 175.205 -0.37486 176.724 1.12458L255.81 79.197C258.324 81.6785 256.59 85.9993 253.081 85.9993L121.35 85.9997L3.91944 86C0.415352 86 -1.32103 81.6905 1.18185 79.2056L55.1066 25.668C56.6275 24.158 59.0609 24.158 60.5818 25.668L100.641 65.4391Z">
        </path>
      </svg>
    </div>
  </div>
</div>
<div>
  <div role="switch"
       class="van-switch"
       style="font-size: 24px;"
       aria-checked="false"
  >
    <div class="van-switch__node">
    </div>
  </div>
  <div class="van-skeleton van-skeleton--animate">
    <div class="van-skeleton__avatar van-skeleton__avatar--round">
    </div>
    <div class="van-skeleton__content">
      <h3 class="van-skeleton__title">
      </h3>
      <div class="van-skeleton__row"
           style="width: 100%;"
      >
      </div>
      <div class="van-skeleton__row"
           style="width: 100%;"
      >
      </div>
      <div class="van-skeleton__row"
           style="width: 60%;"
      >
      </div>
    </div>
  </div>
</div>
`;
